[duruthemes.com/demo/html/noda/dark/index.html]
[backblue.gif]
[fade.gif]
[index.html]
[duruthemes.com/demo/html/noda/dark/images/favicon.png]
[duruthemes.com/demo/html/noda/dark/css/plugins.css]
[duruthemes.com/demo/html/noda/dark/css/style.css]
[duruthemes.com/demo/html/noda/dark/images/logo-light.png]
[duruthemes.com/demo/html/noda/dark/index2.html]
[duruthemes.com/demo/html/noda/dark/index3.html]
[duruthemes.com/demo/html/noda/dark/index4.html]
[duruthemes.com/demo/html/noda/dark/index5.html]
[duruthemes.com/demo/html/noda/dark/about.html]
[duruthemes.com/demo/html/noda/dark/services.html]
[duruthemes.com/demo/html/noda/dark/services2.html]
[duruthemes.com/demo/html/noda/dark/pricing.html]
[duruthemes.com/demo/html/noda/dark/team.html]
[duruthemes.com/demo/html/noda/dark/before-after.html]
[duruthemes.com/demo/html/noda/dark/gallery-image.html]
[duruthemes.com/demo/html/noda/dark/gallery-video.html]
[duruthemes.com/demo/html/noda/dark/faq.html]
[duruthemes.com/demo/html/noda/dark/services-single.html]
[duruthemes.com/demo/html/noda/dark/services-single2.html]
[duruthemes.com/demo/html/noda/dark/team-single.html]
[duruthemes.com/demo/html/noda/dark/post.html]
[duruthemes.com/demo/html/noda/dark/404.html]
[duruthemes.com/demo/html/noda/dark/blog.html]
[duruthemes.com/demo/html/noda/dark/blog2.html]
[duruthemes.com/demo/html/noda/dark/contact.html]
[duruthemes.com/demo/html/noda/dark/images/slider.jpg]
[duruthemes.com/demo/html/noda/dark/images/services/1.jpg]
[duruthemes.com/demo/html/noda/dark/images/services/2.jpg]
[duruthemes.com/demo/html/noda/dark/images/services/3.jpg]
[duruthemes.com/demo/html/noda/dark/images/services/4.jpg]
[duruthemes.com/demo/html/noda/dark/images/services/5.jpg]
[duruthemes.com/demo/html/noda/dark/images/services/6.jpg]
[duruthemes.com/demo/html/noda/dark/images/clients/1.png]
[duruthemes.com/demo/html/noda/dark/images/clients/2.png]
[duruthemes.com/demo/html/noda/dark/images/clients/3.png]
[duruthemes.com/demo/html/noda/dark/images/clients/4.png]
[duruthemes.com/demo/html/noda/dark/images/clients/5.png]
[duruthemes.com/demo/html/noda/dark/images/clients/6.png]
[duruthemes.com/demo/html/noda/dark/images/about.jpg]
[duruthemes.com/demo/html/noda/dark/images/team/01.jpg]
[duruthemes.com/demo/html/noda/dark/images/team/02.jpg]
[duruthemes.com/demo/html/noda/dark/images/team/03.jpg]
[duruthemes.com/demo/html/noda/dark/images/team/04.jpg]
[duruthemes.com/demo/html/noda/dark/images/blog/1.jpg]
[duruthemes.com/demo/html/noda/dark/images/blog/2.jpg]
[duruthemes.com/demo/html/noda/dark/images/blog/3.jpg]
[duruthemes.com/demo/html/noda/dark/images/blog/4.jpg]
[duruthemes.com/demo/html/noda/dark/images/blog/5.jpg]
[duruthemes.com/demo/html/noda/dark/images/slider/1.jpg]
[duruthemes.com/demo/html/noda/dark/js/jquery-3.7.1.min.js]
[duruthemes.com/demo/html/noda/dark/js/jquery-migrate-3.4.1.min.js]
[duruthemes.com/demo/html/noda/dark/js/modernizr-2.6.2.min.js]
[duruthemes.com/demo/html/noda/dark/js/imagesloaded.pkgd.min.js]
[duruthemes.com/demo/html/noda/dark/js/jquery.isotope.v3.0.2.js]
[duruthemes.com/demo/html/noda/dark/js/popper.min.js]
[duruthemes.com/demo/html/noda/dark/js/bootstrap.min.js]
[duruthemes.com/demo/html/noda/dark/js/scrollIt.min.js]
[duruthemes.com/demo/html/noda/dark/js/jquery.waypoints.min.js]
[duruthemes.com/demo/html/noda/dark/js/owl.carousel.min.js]
[duruthemes.com/demo/html/noda/dark/js/jquery.stellar.min.js]
[duruthemes.com/demo/html/noda/dark/js/jquery.magnific-popup.js]
[duruthemes.com/demo/html/noda/dark/js/YouTubePopUp.js]
[duruthemes.com/demo/html/noda/dark/js/before-after.js]
[duruthemes.com/demo/html/noda/dark/js/jquery.easing.1.3.js]
[duruthemes.com/demo/html/noda/dark/js/smooth-scroll.min.js]
[duruthemes.com/demo/html/noda/dark/js/wow.js]
[duruthemes.com/demo/html/noda/dark/js/custom.js]
[duruthemes.com/demo/html/noda/dark/index.html]
[duruthemes.com/demo/html/noda/dark/css/plugins/bootstrap.min.css]
[duruthemes.com/demo/html/noda/dark/css/plugins/owl.carousel.min.css]
[duruthemes.com/demo/html/noda/dark/css/plugins/owl.theme.default.min.css]
[duruthemes.com/demo/html/noda/dark/css/plugins/animate.min.css]
[duruthemes.com/demo/html/noda/dark/css/plugins/flaticon.css]
[duruthemes.com/demo/html/noda/dark/css/plugins/font-awesome-pro.css]
[duruthemes.com/demo/html/noda/dark/css/plugins/magnific-popup.css]
[duruthemes.com/demo/html/noda/dark/css/plugins/YouTubePopUp.css]
[duruthemes.com/demo/html/noda/dark/css/plugins/vegas.slider.min.css]
[duruthemes.com/demo/html/noda/dark/css/plugins.css]
[duruthemes.com/demo/html/noda/dark/css/style.css]
[duruthemes.com/demo/html/noda/dark/css/plugins/before-after.css]
[duruthemes.com/demo/html/noda/dark/images/slider/2.jpg]
[duruthemes.com/demo/html/noda/dark/images/slider/3.jpg]
[duruthemes.com/demo/html/noda/dark/index2.html]
[duruthemes.com/demo/html/noda/dark/index3.html]
[duruthemes.com/demo/html/noda/dark/index4.html]
[duruthemes.com/demo/html/noda/dark/index5.html]
[duruthemes.com/demo/html/noda/dark/about.html]
[duruthemes.com/demo/html/noda/dark/services.html]
[duruthemes.com/demo/html/noda/dark/services2.html]
[duruthemes.com/demo/html/noda/dark/js/vegas.slider.min.js]
[duruthemes.com/demo/html/noda/dark/pricing.html]
[duruthemes.com/demo/html/noda/dark/team.html]
[duruthemes.com/demo/html/noda/dark/images/beforeafter/b1.jpg]
[duruthemes.com/demo/html/noda/dark/images/beforeafter/a1.jpg]
[duruthemes.com/demo/html/noda/dark/images/beforeafter/b2.jpg]
[duruthemes.com/demo/html/noda/dark/images/beforeafter/a2.jpg]
[duruthemes.com/demo/html/noda/dark/before-after.html]
[duruthemes.com/demo/html/noda/dark/images/gallery/1.jpg]
[duruthemes.com/demo/html/noda/dark/images/gallery/2.jpg]
[duruthemes.com/demo/html/noda/dark/images/gallery/3.jpg]
[duruthemes.com/demo/html/noda/dark/images/gallery/4.jpg]
[duruthemes.com/demo/html/noda/dark/images/gallery/5.jpg]
[duruthemes.com/demo/html/noda/dark/images/gallery/6.jpg]
[duruthemes.com/demo/html/noda/dark/gallery-image.html]
[duruthemes.com/demo/html/noda/dark/images/gallery/v1.jpg]
[duruthemes.com/demo/html/noda/dark/images/gallery/v2.jpg]
[duruthemes.com/demo/html/noda/dark/gallery-video.html]
[duruthemes.com/demo/html/noda/dark/faq.html]
[duruthemes.com/demo/html/noda/dark/images/slider/5.jpg]
[duruthemes.com/demo/html/noda/dark/images/slider/4.jpg]
[duruthemes.com/demo/html/noda/dark/services-single.html]
[duruthemes.com/demo/html/noda/dark/services-single2.html]
[duruthemes.com/demo/html/noda/dark/team-single.html]
[duruthemes.com/demo/html/noda/dark/post.html]
[duruthemes.com/demo/html/noda/dark/404.html]
[duruthemes.com/demo/html/noda/dark/blog.html]
[duruthemes.com/demo/html/noda/dark/blog2.html]
[duruthemes.com/demo/html/noda/dark/contact.html]
[duruthemes.com/demo/html/noda/dark/css/plugins/bootstrap.min.css]
[duruthemes.com/demo/html/noda/dark/css/plugins/owl.carousel.min.css]
[duruthemes.com/demo/html/noda/dark/css/plugins/owl.theme.default.min.css]
[duruthemes.com/demo/html/noda/dark/css/plugins/animate.min.css]
[duruthemes.com/demo/html/noda/dark/fonts/Flaticon.eot]
[duruthemes.com/demo/html/noda/dark/fonts/Flaticond41d.eot]
[duruthemes.com/demo/html/noda/dark/fonts/Flaticon.woff]
[duruthemes.com/demo/html/noda/dark/fonts/Flaticon.ttf]
[duruthemes.com/demo/html/noda/dark/css/plugins/flaticon.css]
[duruthemes.com/demo/html/noda/dark/fonts/fa-brands-400.woff2]
[duruthemes.com/demo/html/noda/dark/fonts/Flaticon.svg]
[duruthemes.com/demo/html/noda/dark/fonts/fa-light-300.woff2]
[duruthemes.com/demo/html/noda/dark/fonts/fa-regular-400.woff2]
[duruthemes.com/demo/html/noda/dark/fonts/fa-solid-900.woff2]
[duruthemes.com/demo/html/noda/dark/css/plugins/font-awesome-pro.css]
[duruthemes.com/demo/html/noda/dark/css/plugins/magnific-popup.css]
[duruthemes.com/demo/html/noda/dark/css/plugins/close.png]
[duruthemes.com/demo/html/noda/dark/css/plugins/YouTubePopUp.css]
[duruthemes.com/demo/html/noda/dark/css/plugins/vegas.slider.min.css]
[duruthemes.com/demo/html/noda/dark/css/plugins/before-after.css]
[www.duruthemes.com/idesign/Roboto-v3/css/plugins/owl.video.play.html]
[duruthemes.com/demo/html/noda/dark/fonts/Flaticon.svg]
[duruthemes.com/demo/html/noda/dark/fonts/fa-brands-400.html]
[duruthemes.com/demo/html/noda/dark/fonts/fa-duotone-900.html]
[duruthemes.com/demo/html/noda/dark/fonts/fa-duotone-901.html]
[duruthemes.com/demo/html/noda/dark/fonts/fa-light-300.html]
[duruthemes.com/demo/html/noda/dark/fonts/fa-regular-400.html]
[duruthemes.com/demo/html/noda/dark/fonts/fa-solid-900.html]
[duruthemes.com/demo/html/noda/dark/fonts/fa-thin-100.html]
[duruthemes.com/demo/html/noda/dark/fonts/fa-thin-101.html]
[duruthemes.com/demo/html/noda/dark/fonts/fa-v4compatibility.html]
[duruthemes.com/demo/html/noda/dark/fonts/fa-v4compatibility-2.html]
